2026-04-17 22:14:26 | INFO | ndtsysd639@outlook.com 开始刷新
2026-04-17 22:14:26 | INFO | ocxfgebcf501@outlook.com 开始刷新
2026-04-17 22:14:26 | INFO | yxkgsottv968@outlook.com 开始刷新
2026-04-17 22:14:26 | INFO | okopqkh830@outlook.com 开始刷新
2026-04-17 22:14:26 | INFO | ijbmhap1918@outlook.com 开始刷新
2026-04-17 22:14:26 | INFO | corrgfk065@outlook.com 开始刷新
2026-04-17 22:14:26 | INFO | ybxoiobhw090@outlook.com 开始刷新
2026-04-17 22:14:26 | INFO | sdjntbc338@outlook.com 开始刷新
2026-04-17 22:14:26 | INFO | imvdwqeqb386@outlook.com 开始刷新
2026-04-17 22:14:27 | ERROR | corrgfk065@outlook.com 失败
2026-04-17 22:14:27 | ERROR | imvdwqeqb386@outlook.com 失败
2026-04-17 22:14:27 | ERROR | ijbmhap1918@outlook.com 失败
2026-04-17 22:14:27 | ERROR | yxkgsottv968@outlook.com 失败
2026-04-17 22:14:27 | ERROR | ndtsysd639@outlook.com 失败
2026-04-17 22:14:27 | ERROR | okopqkh830@outlook.com 失败
2026-04-17 22:14:27 | ERROR | sdjntbc338@outlook.com 失败
2026-04-17 22:14:27 | ERROR | ybxoiobhw090@outlook.com 失败
2026-04-17 22:14:28 | ERROR | ocxfgebcf501@outlook.com 失败
2026-04-17 22:14:28 | SUCCESS | 所有账号处理完成，程序将在50秒后自动关闭
2026-04-17 22:16:01 | INFO | ndtsysd639@outlook.com 开始刷新
2026-04-17 22:16:01 | INFO | ocxfgebcf501@outlook.com 开始刷新
2026-04-17 22:16:01 | INFO | yxkgsottv968@outlook.com 开始刷新
2026-04-17 22:16:01 | INFO | okopqkh830@outlook.com 开始刷新
2026-04-17 22:16:01 | INFO | ijbmhap1918@outlook.com 开始刷新
2026-04-17 22:16:01 | INFO | corrgfk065@outlook.com 开始刷新
2026-04-17 22:16:01 | INFO | ybxoiobhw090@outlook.com 开始刷新
2026-04-17 22:16:01 | INFO | sdjntbc338@outlook.com 开始刷新
2026-04-17 22:16:01 | INFO | imvdwqeqb386@outlook.com 开始刷新
2026-04-17 22:16:01 | INFO | uwlrheviq7348@outlook.com 开始刷新
2026-04-17 22:16:02 | SUCCESS | okopqkh830@outlook.com 获取 access_token 成功
2026-04-17 22:16:02 | SUCCESS | ijbmhap1918@outlook.com 获取 access_token 成功
2026-04-17 22:16:02 | SUCCESS | ocxfgebcf501@outlook.com 获取 access_token 成功
2026-04-17 22:16:02 | SUCCESS | sdjntbc338@outlook.com 获取 access_token 成功
2026-04-17 22:16:02 | SUCCESS | yxkgsottv968@outlook.com 获取 access_token 成功
2026-04-17 22:16:03 | SUCCESS | uwlrheviq7348@outlook.com 获取 access_token 成功
2026-04-17 22:16:03 | SUCCESS | corrgfk065@outlook.com 获取 access_token 成功
2026-04-17 22:16:03 | SUCCESS | ybxoiobhw090@outlook.com 获取 access_token 成功
2026-04-17 22:16:04 | SUCCESS | imvdwqeqb386@outlook.com 获取 access_token 成功
2026-04-17 22:16:06 | ERROR | ndtsysd639@outlook.com 失败
2026-04-17 22:16:06 | SUCCESS | 所有账号处理完成，程序将在50秒后自动关闭
2026-04-17 22:16:50 | INFO | ndtsysd639@outlook.com 开始刷新
2026-04-17 22:16:55 | ERROR | ndtsysd639@outlook.com 失败
2026-04-17 22:16:55 | SUCCESS | 所有账号处理完成，程序将在50秒后自动关闭
2026-04-17 22:17:16 | INFO | yzbelnhz504@outlook.com 开始刷新
2026-04-17 22:17:17 | SUCCESS | yzbelnhz504@outlook.com 获取 access_token 成功
2026-04-17 22:17:17 | SUCCESS | 所有账号处理完成，程序将在50秒后自动关闭
2026-04-17 22:24:53 | INFO | okopqkh830@outlook.com 开始刷新
2026-04-17 22:24:53 | INFO | ijbmhap1918@outlook.com 开始刷新
2026-04-17 22:24:53 | INFO | ocxfgebcf501@outlook.com 开始刷新
2026-04-17 22:24:53 | INFO | sdjntbc338@outlook.com 开始刷新
2026-04-17 22:24:53 | INFO | yxkgsottv968@outlook.com 开始刷新
2026-04-17 22:24:53 | INFO | uwlrheviq7348@outlook.com 开始刷新
2026-04-17 22:24:53 | INFO | corrgfk065@outlook.com 开始刷新
2026-04-17 22:24:53 | INFO | ybxoiobhw090@outlook.com 开始刷新
2026-04-17 22:24:53 | INFO | imvdwqeqb386@outlook.com 开始刷新
2026-04-17 22:24:53 | INFO | yzbelnhz504@outlook.com 开始刷新
2026-04-17 22:24:54 | ERROR | ijbmhap1918@outlook.com 失败
2026-04-17 22:24:54 | ERROR | ybxoiobhw090@outlook.com 失败
2026-04-17 22:24:54 | ERROR | okopqkh830@outlook.com 失败
2026-04-17 22:24:54 | ERROR | sdjntbc338@outlook.com 失败
2026-04-17 22:24:54 | ERROR | corrgfk065@outlook.com 失败
2026-04-17 22:24:55 | ERROR | ocxfgebcf501@outlook.com 失败
2026-04-17 22:24:55 | ERROR | uwlrheviq7348@outlook.com 失败
2026-04-17 22:24:55 | ERROR | yzbelnhz504@outlook.com 失败
2026-04-17 22:24:55 | ERROR | yxkgsottv968@outlook.com 失败
2026-04-17 22:24:56 | ERROR | imvdwqeqb386@outlook.com 失败
2026-04-17 22:24:56 | SUCCESS | 所有账号处理完成，程序将在50秒后自动关闭
2026-04-17 22:27:28 | INFO | ijbmhap1918@outlook.com 开始刷新
2026-04-17 22:27:28 | INFO | ybxoiobhw090@outlook.com 开始刷新
2026-04-17 22:27:28 | INFO | okopqkh830@outlook.com 开始刷新
2026-04-17 22:27:28 | INFO | sdjntbc338@outlook.com 开始刷新
2026-04-17 22:27:28 | INFO | corrgfk065@outlook.com 开始刷新
2026-04-17 22:27:50 | ERROR | ybxoiobhw090@outlook.com 失败
2026-04-17 22:27:50 | INFO | ocxfgebcf501@outlook.com 开始刷新
2026-04-17 22:27:51 | ERROR | sdjntbc338@outlook.com 失败
2026-04-17 22:27:51 | INFO | uwlrheviq7348@outlook.com 开始刷新
2026-04-17 22:27:51 | ERROR | ijbmhap1918@outlook.com 失败
2026-04-17 22:27:51 | INFO | yzbelnhz504@outlook.com 开始刷新
2026-04-17 22:27:52 | ERROR | corrgfk065@outlook.com 失败
2026-04-17 22:27:52 | INFO | yxkgsottv968@outlook.com 开始刷新
2026-04-17 22:27:54 | ERROR | okopqkh830@outlook.com 失败
2026-04-17 22:27:54 | INFO | imvdwqeqb386@outlook.com 开始刷新
2026-04-17 22:28:13 | ERROR | ocxfgebcf501@outlook.com 失败
2026-04-17 22:28:15 | ERROR | uwlrheviq7348@outlook.com 失败
2026-04-17 22:28:17 | ERROR | yxkgsottv968@outlook.com 失败
2026-04-17 22:28:18 | ERROR | yzbelnhz504@outlook.com 失败
2026-04-17 22:28:20 | ERROR | imvdwqeqb386@outlook.com 失败
2026-04-17 22:29:26 | INFO | ijbmhap1918@outlook.com 开始刷新
2026-04-17 22:29:26 | INFO | ybxoiobhw090@outlook.com 开始刷新
2026-04-17 22:29:26 | INFO | okopqkh830@outlook.com 开始刷新
2026-04-17 22:29:26 | INFO | sdjntbc338@outlook.com 开始刷新
2026-04-17 22:29:26 | INFO | corrgfk065@outlook.com 开始刷新
2026-04-17 22:29:27 | INFO | sdjntbc338@outlook.com 已拿到 access_token，长度 1661
2026-04-17 22:29:27 | INFO | corrgfk065@outlook.com 已拿到 access_token，长度 1661
2026-04-17 22:29:28 | INFO | okopqkh830@outlook.com 已拿到 access_token，长度 1661
2026-04-17 22:29:29 | INFO | ijbmhap1918@outlook.com 已拿到 access_token，长度 1663
2026-04-17 22:29:29 | INFO | ybxoiobhw090@outlook.com 已拿到 access_token，长度 1664
2026-04-17 22:29:48 | ERROR | sdjntbc338@outlook.com 失败
2026-04-17 22:29:49 | INFO | ocxfgebcf501@outlook.com 开始刷新
2026-04-17 22:29:49 | ERROR | okopqkh830@outlook.com 失败
2026-04-17 22:29:49 | INFO | uwlrheviq7348@outlook.com 开始刷新
2026-04-17 22:29:50 | ERROR | corrgfk065@outlook.com 失败
2026-04-17 22:29:50 | INFO | yzbelnhz504@outlook.com 开始刷新
2026-04-17 22:29:50 | INFO | ocxfgebcf501@outlook.com 已拿到 access_token，长度 1664
2026-04-17 22:29:51 | ERROR | ybxoiobhw090@outlook.com 失败
2026-04-17 22:29:51 | INFO | yxkgsottv968@outlook.com 开始刷新
2026-04-17 22:29:51 | INFO | yzbelnhz504@outlook.com 已拿到 access_token，长度 1663
2026-04-17 22:29:51 | ERROR | ijbmhap1918@outlook.com 失败
2026-04-17 22:29:51 | INFO | imvdwqeqb386@outlook.com 开始刷新
2026-04-17 22:29:52 | INFO | uwlrheviq7348@outlook.com 已拿到 access_token，长度 1665
2026-04-17 22:29:52 | INFO | yxkgsottv968@outlook.com 已拿到 access_token，长度 1664
2026-04-17 22:29:54 | INFO | imvdwqeqb386@outlook.com 已拿到 access_token，长度 1664
2026-04-17 22:30:11 | ERROR | ocxfgebcf501@outlook.com 失败
2026-04-17 22:30:12 | ERROR | yzbelnhz504@outlook.com 失败
2026-04-17 22:30:15 | ERROR | uwlrheviq7348@outlook.com 失败
2026-04-17 22:30:15 | ERROR | yxkgsottv968@outlook.com 失败
2026-04-17 22:30:17 | ERROR | imvdwqeqb386@outlook.com 失败
2026-04-17 22:40:25 | INFO | ijbmhap1918@outlook.com 开始刷新
2026-04-17 22:40:25 | INFO | ybxoiobhw090@outlook.com 开始刷新
2026-04-17 22:40:25 | INFO | okopqkh830@outlook.com 开始刷新
2026-04-17 22:40:25 | INFO | sdjntbc338@outlook.com 开始刷新
2026-04-17 22:40:25 | INFO | corrgfk065@outlook.com 开始刷新
2026-04-17 22:40:27 | INFO | okopqkh830@outlook.com 已拿到 access_token，长度 1661
2026-04-17 22:40:27 | INFO | ijbmhap1918@outlook.com 已拿到 access_token，长度 1663
2026-04-17 22:40:28 | INFO | sdjntbc338@outlook.com 已拿到 access_token，长度 1661
2026-04-17 22:40:28 | INFO | corrgfk065@outlook.com 已拿到 access_token，长度 1661
2026-04-17 22:40:28 | INFO | ybxoiobhw090@outlook.com 已拿到 access_token，长度 1664
2026-04-17 22:40:48 | ERROR | ijbmhap1918@outlook.com 失败
2026-04-17 22:40:48 | INFO | ocxfgebcf501@outlook.com 开始刷新
2026-04-17 22:40:49 | ERROR | sdjntbc338@outlook.com 失败
2026-04-17 22:40:49 | INFO | uwlrheviq7348@outlook.com 开始刷新
2026-04-17 22:40:49 | ERROR | okopqkh830@outlook.com 失败
2026-04-17 22:40:49 | INFO | yzbelnhz504@outlook.com 开始刷新
2026-04-17 22:40:50 | INFO | uwlrheviq7348@outlook.com 已拿到 access_token，长度 1665
2026-04-17 22:40:50 | ERROR | corrgfk065@outlook.com 失败
2026-04-17 22:40:50 | INFO | yxkgsottv968@outlook.com 开始刷新
2026-04-17 22:40:50 | ERROR | ybxoiobhw090@outlook.com 失败
2026-04-17 22:40:50 | INFO | imvdwqeqb386@outlook.com 开始刷新
2026-04-17 22:40:52 | INFO | yxkgsottv968@outlook.com 已拿到 access_token，长度 1664
2026-04-17 22:40:52 | INFO | imvdwqeqb386@outlook.com 已拿到 access_token，长度 1664
2026-04-17 22:40:52 | INFO | yzbelnhz504@outlook.com 已拿到 access_token，长度 1663
2026-04-17 22:40:54 | INFO | ocxfgebcf501@outlook.com 已拿到 access_token，长度 1664
2026-04-17 22:41:11 | ERROR | uwlrheviq7348@outlook.com 失败
2026-04-17 22:41:13 | ERROR | imvdwqeqb386@outlook.com 失败
2026-04-17 22:41:13 | ERROR | yzbelnhz504@outlook.com 失败
2026-04-17 22:41:15 | ERROR | yxkgsottv968@outlook.com 失败
2026-04-17 22:41:16 | ERROR | ocxfgebcf501@outlook.com 失败
2026-04-17 23:07:22 | INFO | ijbmhap1918@outlook.com 开始刷新
2026-04-17 23:07:24 | INFO | ijbmhap1918@outlook.com 已拿到 access_token，长度 1663
2026-04-17 23:07:24 | INFO | ybxoiobhw090@outlook.com 开始刷新
2026-04-17 23:07:25 | INFO | ybxoiobhw090@outlook.com 已拿到 access_token，长度 1664
2026-04-17 23:07:25 | INFO | okopqkh830@outlook.com 开始刷新
2026-04-17 23:07:28 | INFO | okopqkh830@outlook.com 已拿到 access_token，长度 1661
2026-04-17 23:07:28 | INFO | sdjntbc338@outlook.com 开始刷新
2026-04-17 23:07:30 | INFO | sdjntbc338@outlook.com 已拿到 access_token，长度 1661
2026-04-17 23:07:30 | INFO | corrgfk065@outlook.com 开始刷新
2026-04-17 23:07:32 | INFO | corrgfk065@outlook.com 已拿到 access_token，长度 1661
2026-04-17 23:07:32 | INFO | ocxfgebcf501@outlook.com 开始刷新
2026-04-17 23:07:34 | INFO | ocxfgebcf501@outlook.com 已拿到 access_token，长度 1664
2026-04-17 23:07:34 | INFO | uwlrheviq7348@outlook.com 开始刷新
2026-04-17 23:07:35 | INFO | uwlrheviq7348@outlook.com 已拿到 access_token，长度 1665
2026-04-17 23:07:35 | INFO | yzbelnhz504@outlook.com 开始刷新
2026-04-17 23:07:37 | INFO | yzbelnhz504@outlook.com 已拿到 access_token，长度 1663
2026-04-17 23:07:37 | INFO | yxkgsottv968@outlook.com 开始刷新
2026-04-17 23:07:42 | INFO | yxkgsottv968@outlook.com 已拿到 access_token，长度 1664
2026-04-17 23:07:42 | INFO | imvdwqeqb386@outlook.com 开始刷新
2026-04-17 23:07:52 | INFO | imvdwqeqb386@outlook.com 已拿到 access_token，长度 1664
2026-04-24 00:18:52 | SUCCESS | 所有账号处理完成，结果已写入 check plus_result.txt，程序将在50秒后自动关闭
2026-04-24 00:19:36 | INFO | zpucmweo900@outlook.com 开始刷新
2026-04-24 00:19:36 | INFO | idfxjzrl6005@outlook.com 开始刷新
2026-04-24 00:19:36 | INFO | zzdduraf3197@outlook.com 开始刷新
2026-04-24 00:19:36 | INFO | dxrtvwzzra8657@outlook.com 开始刷新
2026-04-24 00:19:36 | INFO | stmxoiuh5563@outlook.com 开始刷新
2026-04-24 00:19:36 | INFO | qeftmhr3149@outlook.com 开始刷新
2026-04-24 00:19:36 | INFO | yijwkfk522@outlook.com 开始刷新
2026-04-24 00:19:36 | INFO | yuglswntr5983@outlook.com 开始刷新
2026-04-24 00:19:36 | INFO | olazrjgzzz9386@outlook.com 开始刷新
2026-04-24 00:19:36 | INFO | tjvsdgs538@outlook.com 开始刷新
2026-04-24 00:19:36 | INFO | mtfkrejzgx615@outlook.com 开始刷新
2026-04-24 00:19:36 | INFO | zsuelmht5011@outlook.com 开始刷新
2026-04-24 00:19:36 | INFO | kfvbeqel112@outlook.com 开始刷新
2026-04-24 00:19:36 | INFO | dvyyungwu4363@outlook.com 开始刷新
2026-04-24 00:19:36 | INFO | selrjfkbbr0910@outlook.com 开始刷新
2026-04-24 00:19:36 | INFO | ivmdpys022@outlook.com 开始刷新
2026-04-24 00:19:36 | INFO | amfqeer364@outlook.com 开始刷新
2026-04-24 00:19:36 | INFO | rvtivcx2973@outlook.com 开始刷新
2026-04-24 00:19:36 | INFO | cnfbrlrnwc697@outlook.com 开始刷新
2026-04-24 00:19:36 | INFO | wmskifaf503@outlook.com 开始刷新
2026-04-24 00:19:36 | INFO | nwcawko0531@outlook.com 开始刷新
2026-04-24 00:19:36 | INFO | zkqxuev0402@outlook.com 开始刷新
2026-04-24 00:19:36 | INFO | rgalrhwv7282@outlook.com 开始刷新
2026-04-24 00:19:36 | INFO | zedaapfbvv024@outlook.com 开始刷新
2026-04-24 00:19:36 | INFO | fkvajhodjr6048@outlook.com 开始刷新
2026-04-24 00:19:36 | INFO | dywvmmbnbu879@outlook.com 开始刷新
2026-04-24 00:19:36 | INFO | nyuiekjli340@outlook.com 开始刷新
2026-04-24 00:19:36 | INFO | owreyex157@outlook.com 开始刷新
2026-04-24 00:19:36 | INFO | flatadzsex8048@outlook.com 开始刷新
2026-04-24 00:19:36 | INFO | gzgsurharx5282@outlook.com 开始刷新
2026-04-24 00:19:37 | ERROR | ivmdpys022@outlook.com 失败 
2026-04-24 00:19:37 | INFO | xdtlxqjb542@outlook.com 开始刷新
2026-04-24 00:19:37 | ERROR | dvyyungwu4363@outlook.com 失败 
2026-04-24 00:19:37 | ERROR | yuglswntr5983@outlook.com 失败 
2026-04-24 00:19:37 | ERROR | cnfbrlrnwc697@outlook.com 失败 
2026-04-24 00:19:37 | ERROR | nwcawko0531@outlook.com 失败 
2026-04-24 00:19:37 | ERROR | gzgsurharx5282@outlook.com 失败 
2026-04-24 00:19:37 | INFO | uziaisri282@outlook.com 开始刷新
2026-04-24 00:19:37 | INFO | arfzmeqv0415@outlook.com 开始刷新
2026-04-24 00:19:37 | ERROR | rvtivcx2973@outlook.com 失败 
2026-04-24 00:19:37 | INFO | lehewyr500@outlook.com 开始刷新
2026-04-24 00:19:37 | INFO | qkewjqtcai1420@outlook.com 开始刷新
2026-04-24 00:19:37 | INFO | qkomilnh324@outlook.com 开始刷新
2026-04-24 00:19:37 | INFO | nidpvyoost6911@outlook.com 开始刷新
2026-04-24 00:19:37 | ERROR | nyuiekjli340@outlook.com 失败 
2026-04-24 00:19:37 | INFO | nskiozhos7414@outlook.com 开始刷新
2026-04-24 00:19:37 | ERROR | owreyex157@outlook.com 失败 
2026-04-24 00:19:37 | INFO | gfvnxii3972@outlook.com 开始刷新
2026-04-24 00:19:37 | ERROR | tjvsdgs538@outlook.com 失败 
2026-04-24 00:19:37 | INFO | bbddglxx568@outlook.com 开始刷新
2026-04-24 00:19:37 | ERROR | flatadzsex8048@outlook.com 失败 
2026-04-24 00:19:37 | INFO | nhyushq4094@outlook.com 开始刷新
2026-04-24 00:19:37 | ERROR | zpucmweo900@outlook.com 失败 
2026-04-24 00:19:37 | INFO | fyceoxpveg531@outlook.com 开始刷新
2026-04-24 00:19:37 | ERROR | yijwkfk522@outlook.com 失败 
2026-04-24 00:19:37 | INFO | trcgbdbxjp0062@outlook.com 开始刷新
2026-04-24 00:19:37 | ERROR | dxrtvwzzra8657@outlook.com 失败 
2026-04-24 00:19:37 | INFO | swvgynffqm7074@outlook.com 开始刷新
2026-04-24 00:19:37 | ERROR | stmxoiuh5563@outlook.com 失败 
2026-04-24 00:19:37 | INFO | ijgffzjhaj1124@outlook.com 开始刷新
2026-04-24 00:19:37 | ERROR | kfvbeqel112@outlook.com 失败 
2026-04-24 00:19:37 | INFO | fthhgzt477@outlook.com 开始刷新
2026-04-24 00:19:37 | ERROR | zzdduraf3197@outlook.com 失败 
2026-04-24 00:19:37 | INFO | axoieccee502@outlook.com 开始刷新
2026-04-24 00:19:37 | ERROR | rgalrhwv7282@outlook.com 失败 
2026-04-24 00:19:37 | INFO | qvdhhvcpxm113@outlook.com 开始刷新
2026-04-24 00:19:37 | ERROR | olazrjgzzz9386@outlook.com 失败 
2026-04-24 00:19:37 | INFO | uxkrrpqnf632@outlook.com 开始刷新
2026-04-24 00:19:37 | ERROR | qeftmhr3149@outlook.com 失败 
2026-04-24 00:19:37 | INFO | bxcsehr7205@outlook.com 开始刷新
2026-04-24 00:19:37 | ERROR | dywvmmbnbu879@outlook.com 失败 
2026-04-24 00:19:37 | INFO | zwuznclg2536@outlook.com 开始刷新
2026-04-24 00:19:37 | ERROR | wmskifaf503@outlook.com 失败 
2026-04-24 00:19:37 | INFO | mbruahu0409@outlook.com 开始刷新
2026-04-24 00:19:37 | ERROR | arfzmeqv0415@outlook.com 失败 
2026-04-24 00:19:37 | INFO | qxhevie6579@outlook.com 开始刷新
2026-04-24 00:19:37 | ERROR | nidpvyoost6911@outlook.com 失败 
2026-04-24 00:19:37 | INFO | txovbyl980@outlook.com 开始刷新
2026-04-24 00:19:37 | ERROR | xdtlxqjb542@outlook.com 失败 
2026-04-24 00:19:37 | INFO | uulaxdpv6353@outlook.com 开始刷新
2026-04-24 00:19:37 | ERROR | qkewjqtcai1420@outlook.com 失败 
2026-04-24 00:19:37 | INFO | jdvvmzrodk623@outlook.com 开始刷新
2026-04-24 00:19:37 | ERROR | fyceoxpveg531@outlook.com 失败 
2026-04-24 00:19:37 | INFO | rfrdbzrdfk4132@outlook.com 开始刷新
2026-04-24 00:19:37 | ERROR | fthhgzt477@outlook.com 失败 
2026-04-24 00:19:37 | INFO | saesaqfbic800@outlook.com 开始刷新
2026-04-24 00:19:37 | ERROR | qkomilnh324@outlook.com 失败 
2026-04-24 00:19:37 | INFO | tlixnvpdqu039@outlook.com 开始刷新
2026-04-24 00:19:37 | ERROR | gfvnxii3972@outlook.com 失败 
2026-04-24 00:19:37 | INFO | dhcixvri711@outlook.com 开始刷新
2026-04-24 00:19:37 | ERROR | trcgbdbxjp0062@outlook.com 失败 
2026-04-24 00:19:37 | INFO | ibjgpyrqs203@outlook.com 开始刷新
2026-04-24 00:19:37 | ERROR | qvdhhvcpxm113@outlook.com 失败 
2026-04-24 00:19:37 | INFO | gqjfhbzq7579@outlook.com 开始刷新
2026-04-24 00:19:37 | ERROR | nskiozhos7414@outlook.com 失败 
2026-04-24 00:19:37 | INFO | yipmsru271@outlook.com 开始刷新
2026-04-24 00:19:37 | ERROR | uziaisri282@outlook.com 失败 
2026-04-24 00:19:37 | INFO | vdlejmsi557@outlook.com 开始刷新
2026-04-24 00:19:37 | ERROR | bbddglxx568@outlook.com 失败 
2026-04-24 00:19:37 | INFO | dfvfqkyku2697@outlook.com 开始刷新
2026-04-24 00:19:37 | ERROR | swvgynffqm7074@outlook.com 失败 
2026-04-24 00:19:37 | INFO | bnnzceb289@outlook.com 开始刷新
2026-04-24 00:19:37 | ERROR | axoieccee502@outlook.com 失败 
2026-04-24 00:19:37 | INFO | vysbejigdx1507@outlook.com 开始刷新
2026-04-24 00:19:37 | ERROR | ijgffzjhaj1124@outlook.com 失败 
2026-04-24 00:19:37 | INFO | dbtzbbenmu172@outlook.com 开始刷新
2026-04-24 00:19:37 | ERROR | nhyushq4094@outlook.com 失败 
2026-04-24 00:19:37 | INFO | qnfienlgm085@outlook.com 开始刷新
2026-04-24 00:19:37 | ERROR | uxkrrpqnf632@outlook.com 失败 
2026-04-24 00:19:37 | INFO | krhissilq3313@outlook.com 开始刷新
2026-04-24 00:19:37 | ERROR | lehewyr500@outlook.com 失败 
2026-04-24 00:19:37 | INFO | mlivtgomxz1316@outlook.com 开始刷新
2026-04-24 00:19:37 | ERROR | bxcsehr7205@outlook.com 失败 
2026-04-24 00:19:37 | INFO | qvhvrfqz8116@outlook.com 开始刷新
2026-04-24 00:19:37 | ERROR | zwuznclg2536@outlook.com 失败 
2026-04-24 00:19:37 | INFO | wagaapapc438@outlook.com 开始刷新
2026-04-24 00:19:38 | ERROR | uulaxdpv6353@outlook.com 失败 
2026-04-24 00:19:38 | INFO | frwfmskl195@outlook.com 开始刷新
2026-04-24 00:19:38 | ERROR | saesaqfbic800@outlook.com 失败 
2026-04-24 00:19:38 | INFO | bqtnbdupkr741@outlook.com 开始刷新
2026-04-24 00:19:38 | ERROR | jdvvmzrodk623@outlook.com 失败 
2026-04-24 00:19:38 | INFO | rplddfs4828@outlook.com 开始刷新
2026-04-24 00:19:38 | ERROR | qxhevie6579@outlook.com 失败 
2026-04-24 00:19:38 | INFO | imjnehg106@outlook.com 开始刷新
2026-04-24 00:19:38 | ERROR | txovbyl980@outlook.com 失败 
2026-04-24 00:19:38 | INFO | wqnsnwuh1030@outlook.com 开始刷新
2026-04-24 00:19:38 | ERROR | ibjgpyrqs203@outlook.com 失败 
2026-04-24 00:19:38 | INFO | vexmvme336@outlook.com 开始刷新
2026-04-24 00:19:38 | ERROR | tlixnvpdqu039@outlook.com 失败 
2026-04-24 00:19:38 | INFO | pglirbl8407@outlook.com 开始刷新
2026-04-24 00:19:38 | ERROR | vysbejigdx1507@outlook.com 失败 
2026-04-24 00:19:38 | INFO | kiqizqdujk3718@outlook.com 开始刷新
2026-04-24 00:19:38 | ERROR | vdlejmsi557@outlook.com 失败 
2026-04-24 00:19:38 | INFO | wtxkgof871@outlook.com 开始刷新
2026-04-24 00:19:38 | ERROR | yipmsru271@outlook.com 失败 
2026-04-24 00:19:38 | INFO | axjhigc957@outlook.com 开始刷新
2026-04-24 00:19:38 | ERROR | mlivtgomxz1316@outlook.com 失败 
2026-04-24 00:19:38 | INFO | moihksjd991@outlook.com 开始刷新
2026-04-24 00:19:38 | ERROR | krhissilq3313@outlook.com 失败 
2026-04-24 00:19:38 | INFO | wuqdbcmjq220@outlook.com 开始刷新
2026-04-24 00:19:38 | ERROR | wagaapapc438@outlook.com 失败 
2026-04-24 00:19:38 | INFO | tumijjxo193@outlook.com 开始刷新
2026-04-24 00:19:38 | ERROR | qvhvrfqz8116@outlook.com 失败 
2026-04-24 00:19:38 | INFO | ttygaclk412@outlook.com 开始刷新
2026-04-24 00:19:38 | ERROR | dhcixvri711@outlook.com 失败 
2026-04-24 00:19:38 | INFO | eonewkj2902@outlook.com 开始刷新
2026-04-24 00:19:38 | ERROR | zsuelmht5011@outlook.com 失败 
2026-04-24 00:19:38 | INFO | upnollhiay864@outlook.com 开始刷新
2026-04-24 00:19:38 | ERROR | amfqeer364@outlook.com 失败 
2026-04-24 00:19:38 | INFO | heofpderu738@outlook.com 开始刷新
2026-04-24 00:19:38 | ERROR | mtfkrejzgx615@outlook.com 失败 
2026-04-24 00:19:38 | INFO | jzjsagu943@outlook.com 开始刷新
2026-04-24 00:19:38 | ERROR | zedaapfbvv024@outlook.com 失败 
2026-04-24 00:19:38 | INFO | ogzlnnwe8700@outlook.com 开始刷新
2026-04-24 00:19:38 | ERROR | idfxjzrl6005@outlook.com 失败 
2026-04-24 00:19:38 | INFO | tsaegmiost976@outlook.com 开始刷新
2026-04-24 00:19:38 | ERROR | bqtnbdupkr741@outlook.com 失败 
2026-04-24 00:19:38 | INFO | efoghilqw150@outlook.com 开始刷新
2026-04-24 00:19:38 | ERROR | wqnsnwuh1030@outlook.com 失败 
2026-04-24 00:19:38 | INFO | aauxsvwd9310@outlook.com 开始刷新
2026-04-24 00:19:38 | ERROR | imjnehg106@outlook.com 失败 
2026-04-24 00:19:38 | INFO | dzcnvqapcn307@outlook.com 开始刷新
2026-04-24 00:19:38 | ERROR | pglirbl8407@outlook.com 失败 
2026-04-24 00:19:38 | INFO | iriolcgu9438@outlook.com 开始刷新
2026-04-24 00:19:38 | ERROR | frwfmskl195@outlook.com 失败 
2026-04-24 00:19:38 | INFO | gpjkduzee0423@outlook.com 开始刷新
2026-04-24 00:19:38 | ERROR | rplddfs4828@outlook.com 失败 
2026-04-24 00:19:38 | INFO | vobgdjgmj855@outlook.com 开始刷新
2026-04-24 00:19:38 | ERROR | vexmvme336@outlook.com 失败 
2026-04-24 00:19:38 | INFO | hielcoi2809@outlook.com 开始刷新
2026-04-24 00:19:38 | ERROR | wtxkgof871@outlook.com 失败 
2026-04-24 00:19:38 | ERROR | axjhigc957@outlook.com 失败 
2026-04-24 00:19:38 | ERROR | kiqizqdujk3718@outlook.com 失败 
2026-04-24 00:19:38 | ERROR | moihksjd991@outlook.com 失败 
2026-04-24 00:19:38 | ERROR | wuqdbcmjq220@outlook.com 失败 
2026-04-24 00:19:38 | ERROR | dbtzbbenmu172@outlook.com 失败 
2026-04-24 00:19:38 | ERROR | ttygaclk412@outlook.com 失败 
2026-04-24 00:19:38 | ERROR | eonewkj2902@outlook.com 失败 
2026-04-24 00:19:38 | ERROR | heofpderu738@outlook.com 失败 
2026-04-24 00:19:38 | ERROR | upnollhiay864@outlook.com 失败 
2026-04-24 00:19:38 | ERROR | jzjsagu943@outlook.com 失败 
2026-04-24 00:19:38 | ERROR | ogzlnnwe8700@outlook.com 失败 
2026-04-24 00:19:38 | ERROR | iriolcgu9438@outlook.com 失败 
2026-04-24 00:19:38 | ERROR | efoghilqw150@outlook.com 失败 
2026-04-24 00:19:38 | ERROR | aauxsvwd9310@outlook.com 失败 
2026-04-24 00:19:38 | ERROR | hielcoi2809@outlook.com 失败 
2026-04-24 00:19:38 | ERROR | mbruahu0409@outlook.com 失败 
2026-04-24 00:19:39 | ERROR | rfrdbzrdfk4132@outlook.com 失败 
2026-04-24 00:20:08 | INFO | zpucmweo900@outlook.com 开始刷新
2026-04-24 00:20:09 | ERROR | zpucmweo900@outlook.com 失败 
2026-04-24 00:20:09 | SUCCESS | 所有账号处理完成，结果已写入 check_plus_result.txt，程序将在50秒后自动关闭
2026-04-24 00:23:46 | INFO | zpucmweo900@outlook.com 开始刷新
2026-04-24 00:23:46 | INFO | zpucmweo900@outlook.com oauth/token 连接失败(Failed to perform, curl: (56) Recv failure: Connection was reset. See https://curl.se/libcurl/c/libcurl-errors.html first for more details.)，1/6 次重试
2026-04-24 00:23:47 | INFO | zpucmweo900@outlook.com oauth/token 连接失败(Failed to perform, curl: (56) Recv failure: Connection was reset. See https://curl.se/libcurl/c/libcurl-errors.html first for more details.)，2/6 次重试
2026-04-24 00:23:50 | INFO | zpucmweo900@outlook.com oauth/token 连接失败(Failed to perform, curl: (56) CONNECT tunnel failed, response 610. See https://curl.se/libcurl/c/libcurl-errors.html first for more details.)，3/6 次重试
2026-04-24 00:23:53 | INFO | zpucmweo900@outlook.com oauth/token 连接失败(Failed to perform, curl: (56) Recv failure: Connection was reset. See https://curl.se/libcurl/c/libcurl-errors.html first for more details.)，4/6 次重试
2026-04-24 00:23:59 | INFO | zpucmweo900@outlook.com oauth/token 连接失败(Failed to perform, curl: (56) Recv failure: Connection was reset. See https://curl.se/libcurl/c/libcurl-errors.html first for more details.)，5/6 次重试
2026-04-24 00:24:10 | ERROR | zpucmweo900@outlook.com 失败 
2026-04-24 00:26:49 | INFO | zpucmweo900@outlook.com 开始刷新
2026-04-24 00:26:53 | ERROR | zpucmweo900@outlook.com 失败 
2026-04-24 00:26:53 | SUCCESS | 所有账号处理完成，结果已写入 check_plus_result.txt，程序将在50秒后自动关闭
2026-04-24 00:27:59 | INFO | zpucmweo900@outlook.com 开始刷新
2026-04-24 00:28:04 | ERROR | zpucmweo900@outlook.com 失败 
2026-04-24 00:28:04 | SUCCESS | 所有账号处理完成，结果已写入 check_plus_result.txt，程序将在50秒后自动关闭
2026-04-24 00:29:21 | INFO | zpucmweo900@outlook.com 开始刷新
2026-04-24 00:29:23 | ERROR | zpucmweo900@outlook.com 失败 
2026-04-24 00:29:23 | SUCCESS | 所有账号处理完成，结果已写入 check_plus_result.txt，程序将在50秒后自动关闭
2026-04-24 00:30:03 | INFO | zpucmweo900@outlook.com 开始刷新
2026-04-24 00:30:05 | ERROR | zpucmweo900@outlook.com 失败 
2026-04-24 00:30:05 | SUCCESS | 所有账号处理完成，结果已写入 check_plus_result.txt，程序将在50秒后自动关闭
2026-04-24 00:31:48 | INFO | zpucmweo900@outlook.com 开始刷新
2026-04-24 00:31:55 | ERROR | zpucmweo900@outlook.com 失败 
2026-04-24 00:31:55 | SUCCESS | 所有账号处理完成，结果已写入 check_plus_result.txt，程序将在50秒后自动关闭
2026-04-24 00:33:35 | SUCCESS | 所有账号处理完成，结果已写入 check_plus_result.txt，程序将在50秒后自动关闭
2026-04-24 00:33:47 | INFO | zpucmweo900@outlook.com 开始刷新
2026-04-24 00:33:50 | ERROR | zpucmweo900@outlook.com 失败 
2026-04-24 00:33:50 | SUCCESS | 所有账号处理完成，结果已写入 check_plus_result.txt，程序将在50秒后自动关闭
2026-04-24 00:36:53 | INFO | zpucmweo900@outlook.com 开始刷新
2026-04-24 00:36:55 | ERROR | zpucmweo900@outlook.com 失败 
2026-04-24 00:36:55 | SUCCESS | 所有账号处理完成，结果已写入 check_plus_result.txt，程序将在50秒后自动关闭
2026-04-24 00:38:48 | INFO | zpucmweo900@outlook.com 开始刷新
2026-04-24 00:38:48 | INFO | zpucmweo900@outlook.com oauth/token 连接失败(Failed to perform, curl: (56) CONNECT tunnel failed, response 610. See https://curl.se/libcurl/c/libcurl-errors.html first for more details.)，1/6 次重试
2026-04-24 00:38:49 | INFO | zpucmweo900@outlook.com oauth/token 连接失败(Failed to perform, curl: (56) CONNECT tunnel failed, response 610. See https://curl.se/libcurl/c/libcurl-errors.html first for more details.)，2/6 次重试
2026-04-24 00:38:52 | INFO | zpucmweo900@outlook.com oauth/token 连接失败(Failed to perform, curl: (56) Recv failure: Connection was reset. See https://curl.se/libcurl/c/libcurl-errors.html first for more details.)，3/6 次重试
2026-04-24 00:38:55 | INFO | zpucmweo900@outlook.com oauth/token 连接失败(Failed to perform, curl: (56) CONNECT tunnel failed, response 610. See https://curl.se/libcurl/c/libcurl-errors.html first for more details.)，4/6 次重试
2026-04-24 00:39:01 | INFO | zpucmweo900@outlook.com oauth/token 连接失败(Failed to perform, curl: (56) CONNECT tunnel failed, response 610. See https://curl.se/libcurl/c/libcurl-errors.html first for more details.)，5/6 次重试
2026-04-24 00:39:13 | ERROR | zpucmweo900@outlook.com 失败 
2026-04-24 00:39:13 | SUCCESS | 所有账号处理完成，结果已写入 check_plus_result.txt，程序将在50秒后自动关闭
